<!DOCTYPE html>
<html lang="en">
  <head>
    <meta charset="utf-8" />
    <style>body {
  background: rgb( 0, 0, 0 );
}
</style>
  </head>
  <body>
  <script>( function () {
  console.log( "foo" );
})();
</script>
  </body>
</html>
